Token sequence:
int             < INT         ,        >
main            < IDENTIFIER  , 1      >
(               < LEFTPAREN   ,        >
)               < RIGHTPAREN  ,        >
{               < LEFTBRACE   ,        >
while           < WHILE       ,        >
(               < LEFTPAREN   ,        >
a               < IDENTIFIER  , 2      >
)               < RIGHTPAREN  ,        >
b               < IDENTIFIER  , 3      >
;               < SEMICOLON   ,        >
while           < WHILE       ,        >
(               < LEFTPAREN   ,        >
a               < IDENTIFIER  , 2      >
)               < RIGHTPAREN  ,        >
{               < LEFTBRACE   ,        >
b               < IDENTIFIER  , 3      >
;               < SEMICOLON   ,        >
}               < RIGHTBRACE  ,        >
while           < WHILE       ,        >
(               < LEFTPAREN   ,        >
a               < IDENTIFIER  , 2      >
)               < RIGHTPAREN  ,        >
if              < IF          ,        >
(               < LEFTPAREN   ,        >
a               < IDENTIFIER  , 2      >
)               < RIGHTPAREN  ,        >
b               < IDENTIFIER  , 3      >
;               < SEMICOLON   ,        >
while           < WHILE       ,        >
(               < LEFTPAREN   ,        >
a               < IDENTIFIER  , 2      >
)               < RIGHTPAREN  ,        >
{               < LEFTBRACE   ,        >
print           < IDENTIFIER  , 4      >
(               < LEFTPAREN   ,        >
b               < IDENTIFIER  , 3      >
)               < RIGHTPAREN  ,        >
;               < SEMICOLON   ,        >
}               < RIGHTBRACE  ,        >
}               < RIGHTBRACE  ,        >

Symbol table:
1     main
2     a
3     b
4     print

Production sequence:
TYPE_BASIC -> int
TYPE -> TYPE_BASIC
DECLARE_FUNC_BEGIN -> TYPE identifier (
DECLARE_FUNC_SIGN -> DECLARE_FUNC_BEGIN ) {
EXPRESSION2 -> identifier
EXPRESSION3 -> EXPRESSION2
EXPRESSION4 -> EXPRESSION3
EXPRESSION5 -> EXPRESSION4
EXPRESSION6 -> EXPRESSION5
EXPRESSION7 -> EXPRESSION6
EXPRESSION8 -> EXPRESSION7
EXPRESSION -> EXPRESSION8
LOOP_BEGIN -> while ( EXPRESSION )
EXPRESSION2 -> identifier
EXPRESSION3 -> EXPRESSION2
EXPRESSION4 -> EXPRESSION3
EXPRESSION5 -> EXPRESSION4
EXPRESSION6 -> EXPRESSION5
EXPRESSION7 -> EXPRESSION6
EXPRESSION8 -> EXPRESSION7
EXPRESSION -> EXPRESSION8
STATEMENT -> EXPRESSION ;
LOOP -> LOOP_BEGIN STATEMENT
STATEMENT -> LOOP
STATEMENT_S -> STATEMENT
EXPRESSION2 -> identifier
EXPRESSION3 -> EXPRESSION2
EXPRESSION4 -> EXPRESSION3
EXPRESSION5 -> EXPRESSION4
EXPRESSION6 -> EXPRESSION5
EXPRESSION7 -> EXPRESSION6
EXPRESSION8 -> EXPRESSION7
EXPRESSION -> EXPRESSION8
LOOP_BEGIN -> while ( EXPRESSION )
STATEMENTS_BEGIN -> {
EXPRESSION2 -> identifier
EXPRESSION3 -> EXPRESSION2
EXPRESSION4 -> EXPRESSION3
EXPRESSION5 -> EXPRESSION4
EXPRESSION6 -> EXPRESSION5
EXPRESSION7 -> EXPRESSION6
EXPRESSION8 -> EXPRESSION7
EXPRESSION -> EXPRESSION8
STATEMENT -> EXPRESSION ;
STATEMENT_S -> STATEMENT
STATEMENT -> STATEMENTS_BEGIN STATEMENT_S }
LOOP -> LOOP_BEGIN STATEMENT
STATEMENT -> LOOP
STATEMENT_S -> STATEMENT_S STATEMENT
EXPRESSION2 -> identifier
EXPRESSION3 -> EXPRESSION2
EXPRESSION4 -> EXPRESSION3
EXPRESSION5 -> EXPRESSION4
EXPRESSION6 -> EXPRESSION5
EXPRESSION7 -> EXPRESSION6
EXPRESSION8 -> EXPRESSION7
EXPRESSION -> EXPRESSION8
LOOP_BEGIN -> while ( EXPRESSION )
EXPRESSION2 -> identifier
EXPRESSION3 -> EXPRESSION2
EXPRESSION4 -> EXPRESSION3
EXPRESSION5 -> EXPRESSION4
EXPRESSION6 -> EXPRESSION5
EXPRESSION7 -> EXPRESSION6
EXPRESSION8 -> EXPRESSION7
EXPRESSION -> EXPRESSION8
SELECT_BEGIN -> if ( EXPRESSION )
EXPRESSION2 -> identifier
EXPRESSION3 -> EXPRESSION2
EXPRESSION4 -> EXPRESSION3
EXPRESSION5 -> EXPRESSION4
EXPRESSION6 -> EXPRESSION5
EXPRESSION7 -> EXPRESSION6
EXPRESSION8 -> EXPRESSION7
EXPRESSION -> EXPRESSION8
STATEMENT -> EXPRESSION ;
SELECT -> SELECT_BEGIN STATEMENT
STATEMENT -> SELECT
LOOP -> LOOP_BEGIN STATEMENT
STATEMENT -> LOOP
STATEMENT_S -> STATEMENT_S STATEMENT
EXPRESSION2 -> identifier
EXPRESSION3 -> EXPRESSION2
EXPRESSION4 -> EXPRESSION3
EXPRESSION5 -> EXPRESSION4
EXPRESSION6 -> EXPRESSION5
EXPRESSION7 -> EXPRESSION6
EXPRESSION8 -> EXPRESSION7
EXPRESSION -> EXPRESSION8
LOOP_BEGIN -> while ( EXPRESSION )
STATEMENTS_BEGIN -> {
EXPRESSION2 -> identifier
EXPRESSION3 -> EXPRESSION2
EXPRESSION4 -> EXPRESSION3
EXPRESSION5 -> EXPRESSION4
EXPRESSION6 -> EXPRESSION5
EXPRESSION7 -> EXPRESSION6
EXPRESSION8 -> EXPRESSION7
EXPRESSION -> EXPRESSION8
EXPRESSION_S -> EXPRESSION
EXPRESSION1 -> identifier ( EXPRESSION_S )
EXPRESSION2 -> EXPRESSION1
EXPRESSION3 -> EXPRESSION2
EXPRESSION4 -> EXPRESSION3
EXPRESSION5 -> EXPRESSION4
EXPRESSION6 -> EXPRESSION5
EXPRESSION7 -> EXPRESSION6
EXPRESSION8 -> EXPRESSION7
EXPRESSION -> EXPRESSION8
STATEMENT -> EXPRESSION ;
STATEMENT_S -> STATEMENT
STATEMENT -> STATEMENTS_BEGIN STATEMENT_S }
LOOP -> LOOP_BEGIN STATEMENT
STATEMENT -> LOOP
STATEMENT_S -> STATEMENT_S STATEMENT
DECLARE_FUNC -> DECLARE_FUNC_SIGN STATEMENT_S }
DECLARE -> DECLARE_FUNC
DECLARE_S -> DECLARE
PROGRAM -> DECLARE_S
