Token sequence:

Symbol table:

Production sequence:
