Token sequence:
int             < INT         ,        >
input           < IDENTIFIER  , 1      >
(               < LEFTPAREN   ,        >
)               < RIGHTPAREN  ,        >
{               < LEFTBRACE   ,        >
int             < INT         ,        >
a               < IDENTIFIER  , 2      >
;               < SEMICOLON   ,        >
a               < IDENTIFIER  , 2      >
=               < ASSIGN      ,        >
1               < CONSTANT    , 3      >
;               < SEMICOLON   ,        >
return          < RETURN      ,        >
a               < IDENTIFIER  , 2      >
;               < SEMICOLON   ,        >
}               < RIGHTBRACE  ,        >
int             < INT         ,        >
print           < IDENTIFIER  , 4      >
(               < LEFTPAREN   ,        >
int             < INT         ,        >
a               < IDENTIFIER  , 2      >
)               < RIGHTPAREN  ,        >
{               < LEFTBRACE   ,        >
}               < RIGHTBRACE  ,        >
int             < INT         ,        >
gcd             < IDENTIFIER  , 5      >
(               < LEFTPAREN   ,        >
int             < INT         ,        >
a               < IDENTIFIER  , 2      >
,               < COMMA       ,        >
int             < INT         ,        >
b               < IDENTIFIER  , 6      >
)               < RIGHTPAREN  ,        >
{               < LEFTBRACE   ,        >
if              < IF          ,        >
(               < LEFTPAREN   ,        >
b               < IDENTIFIER  , 6      >
==              < EQUAL       ,        >
0               < CONSTANT    , 7      >
)               < RIGHTPAREN  ,        >
return          < RETURN      ,        >
a               < IDENTIFIER  , 2      >
;               < SEMICOLON   ,        >
else            < ELSE        ,        >
return          < RETURN      ,        >
gcd             < IDENTIFIER  , 5      >
(               < LEFTPAREN   ,        >
b               < IDENTIFIER  , 6      >
,               < COMMA       ,        >
a               < IDENTIFIER  , 2      >
-               < MINUS       ,        >
a               < IDENTIFIER  , 2      >
/               < DIVIDE      ,        >
b               < IDENTIFIER  , 6      >
*               < MULTIPLY    ,        >
b               < IDENTIFIER  , 6      >
)               < RIGHTPAREN  ,        >
;               < SEMICOLON   ,        >
}               < RIGHTBRACE  ,        >
int             < INT         ,        >
main            < IDENTIFIER  , 8      >
(               < LEFTPAREN   ,        >
)               < RIGHTPAREN  ,        >
{               < LEFTBRACE   ,        >
int             < INT         ,        >
a               < IDENTIFIER  , 2      >
,               < COMMA       ,        >
b               < IDENTIFIER  , 6      >
;               < SEMICOLON   ,        >
a               < IDENTIFIER  , 2      >
=               < ASSIGN      ,        >
input           < IDENTIFIER  , 1      >
(               < LEFTPAREN   ,        >
)               < RIGHTPAREN  ,        >
;               < SEMICOLON   ,        >
b               < IDENTIFIER  , 6      >
=               < ASSIGN      ,        >
input           < IDENTIFIER  , 1      >
(               < LEFTPAREN   ,        >
)               < RIGHTPAREN  ,        >
;               < SEMICOLON   ,        >
print           < IDENTIFIER  , 4      >
(               < LEFTPAREN   ,        >
gcd             < IDENTIFIER  , 5      >
(               < LEFTPAREN   ,        >
a               < IDENTIFIER  , 2      >
,               < COMMA       ,        >
b               < IDENTIFIER  , 6      >
)               < RIGHTPAREN  ,        >
)               < RIGHTPAREN  ,        >
;               < SEMICOLON   ,        >
}               < RIGHTBRACE  ,        >

Symbol table:
1     input
2     a
3     1
4     print
5     gcd
6     b
7     0
8     main

Production sequence:
TYPE_BASIC -> int
TYPE -> TYPE_BASIC
DECLARE_FUNC_BEGIN -> TYPE identifier (
DECLARE_FUNC_SIGN -> DECLARE_FUNC_BEGIN ) {
TYPE_BASIC -> int
TYPE -> TYPE_BASIC
IDENTIFIER_S -> identifier
DECLARE_VAR -> TYPE IDENTIFIER_S ;
STATEMENT -> DECLARE_VAR
STATEMENT_S -> STATEMENT
EXPRESSION2 -> identifier
EXPRESSION3 -> EXPRESSION2
EXPRESSION4 -> EXPRESSION3
EXPRESSION5 -> EXPRESSION4
EXPRESSION6 -> EXPRESSION5
EXPRESSION7 -> EXPRESSION6
EXPRESSION2 -> constant
EXPRESSION3 -> EXPRESSION2
EXPRESSION4 -> EXPRESSION3
EXPRESSION5 -> EXPRESSION4
EXPRESSION6 -> EXPRESSION5
EXPRESSION7 -> EXPRESSION6
EXPRESSION8 -> EXPRESSION7
EXPRESSION8 -> EXPRESSION7 = EXPRESSION8
EXPRESSION -> EXPRESSION8
STATEMENT -> EXPRESSION ;
STATEMENT_S -> STATEMENT_S STATEMENT
EXPRESSION2 -> identifier
EXPRESSION3 -> EXPRESSION2
EXPRESSION4 -> EXPRESSION3
EXPRESSION5 -> EXPRESSION4
EXPRESSION6 -> EXPRESSION5
EXPRESSION7 -> EXPRESSION6
EXPRESSION8 -> EXPRESSION7
EXPRESSION -> EXPRESSION8
STATEMENT -> return EXPRESSION ;
STATEMENT_S -> STATEMENT_S STATEMENT
DECLARE_FUNC -> DECLARE_FUNC_SIGN STATEMENT_S }
DECLARE -> DECLARE_FUNC
DECLARE_S -> DECLARE
TYPE_BASIC -> int
TYPE -> TYPE_BASIC
DECLARE_FUNC_BEGIN -> TYPE identifier (
TYPE_BASIC -> int
TYPE -> TYPE_BASIC
PARAMETERS -> TYPE identifier
DECLARE_FUNC_SIGN -> DECLARE_FUNC_BEGIN PARAMETERS ) {
DECLARE_FUNC -> DECLARE_FUNC_SIGN }
DECLARE -> DECLARE_FUNC
DECLARE_S -> DECLARE_S DECLARE
TYPE_BASIC -> int
TYPE -> TYPE_BASIC
DECLARE_FUNC_BEGIN -> TYPE identifier (
TYPE_BASIC -> int
TYPE -> TYPE_BASIC
PARAMETERS -> TYPE identifier
TYPE_BASIC -> int
TYPE -> TYPE_BASIC
PARAMETERS -> PARAMETERS , TYPE identifier
DECLARE_FUNC_SIGN -> DECLARE_FUNC_BEGIN PARAMETERS ) {
EXPRESSION2 -> identifier
EXPRESSION3 -> EXPRESSION2
EXPRESSION4 -> EXPRESSION3
EXPRESSION5 -> EXPRESSION4
EXPRESSION6 -> EXPRESSION5
EXPRESSION2 -> constant
EXPRESSION3 -> EXPRESSION2
EXPRESSION4 -> EXPRESSION3
EXPRESSION5 -> EXPRESSION4
EXPRESSION6 -> EXPRESSION6 == EXPRESSION5
EXPRESSION7 -> EXPRESSION6
EXPRESSION8 -> EXPRESSION7
EXPRESSION -> EXPRESSION8
SELECT_BEGIN -> if ( EXPRESSION )
EXPRESSION2 -> identifier
EXPRESSION3 -> EXPRESSION2
EXPRESSION4 -> EXPRESSION3
EXPRESSION5 -> EXPRESSION4
EXPRESSION6 -> EXPRESSION5
EXPRESSION7 -> EXPRESSION6
EXPRESSION8 -> EXPRESSION7
EXPRESSION -> EXPRESSION8
STATEMENT -> return EXPRESSION ;
SELECT_MID -> else
EXPRESSION2 -> identifier
EXPRESSION3 -> EXPRESSION2
EXPRESSION4 -> EXPRESSION3
EXPRESSION5 -> EXPRESSION4
EXPRESSION6 -> EXPRESSION5
EXPRESSION7 -> EXPRESSION6
EXPRESSION8 -> EXPRESSION7
EXPRESSION -> EXPRESSION8
EXPRESSION_S -> EXPRESSION
EXPRESSION2 -> identifier
EXPRESSION3 -> EXPRESSION2
EXPRESSION4 -> EXPRESSION3
EXPRESSION5 -> EXPRESSION4
EXPRESSION2 -> identifier
EXPRESSION3 -> EXPRESSION2
EXPRESSION4 -> EXPRESSION3
EXPRESSION2 -> identifier
EXPRESSION3 -> EXPRESSION2
EXPRESSION4 -> EXPRESSION4 / EXPRESSION3
EXPRESSION2 -> identifier
EXPRESSION3 -> EXPRESSION2
EXPRESSION4 -> EXPRESSION4 * EXPRESSION3
EXPRESSION5 -> EXPRESSION5 - EXPRESSION4
EXPRESSION6 -> EXPRESSION5
EXPRESSION7 -> EXPRESSION6
EXPRESSION8 -> EXPRESSION7
EXPRESSION -> EXPRESSION8
EXPRESSION_S -> EXPRESSION_S , EXPRESSION
EXPRESSION1 -> identifier ( EXPRESSION_S )
EXPRESSION2 -> EXPRESSION1
EXPRESSION3 -> EXPRESSION2
EXPRESSION4 -> EXPRESSION3
EXPRESSION5 -> EXPRESSION4
EXPRESSION6 -> EXPRESSION5
EXPRESSION7 -> EXPRESSION6
EXPRESSION8 -> EXPRESSION7
EXPRESSION -> EXPRESSION8
STATEMENT -> return EXPRESSION ;
SELECT -> SELECT_BEGIN STATEMENT SELECT_MID STATEMENT
STATEMENT -> SELECT
STATEMENT_S -> STATEMENT
DECLARE_FUNC -> DECLARE_FUNC_SIGN STATEMENT_S }
DECLARE -> DECLARE_FUNC
DECLARE_S -> DECLARE_S DECLARE
TYPE_BASIC -> int
TYPE -> TYPE_BASIC
DECLARE_FUNC_BEGIN -> TYPE identifier (
DECLARE_FUNC_SIGN -> DECLARE_FUNC_BEGIN ) {
TYPE_BASIC -> int
TYPE -> TYPE_BASIC
IDENTIFIER_S -> identifier
IDENTIFIER_S -> IDENTIFIER_S , identifier
DECLARE_VAR -> TYPE IDENTIFIER_S ;
STATEMENT -> DECLARE_VAR
STATEMENT_S -> STATEMENT
EXPRESSION2 -> identifier
EXPRESSION3 -> EXPRESSION2
EXPRESSION4 -> EXPRESSION3
EXPRESSION5 -> EXPRESSION4
EXPRESSION6 -> EXPRESSION5
EXPRESSION7 -> EXPRESSION6
EXPRESSION1 -> identifier ( )
EXPRESSION2 -> EXPRESSION1
EXPRESSION3 -> EXPRESSION2
EXPRESSION4 -> EXPRESSION3
EXPRESSION5 -> EXPRESSION4
EXPRESSION6 -> EXPRESSION5
EXPRESSION7 -> EXPRESSION6
EXPRESSION8 -> EXPRESSION7
EXPRESSION8 -> EXPRESSION7 = EXPRESSION8
EXPRESSION -> EXPRESSION8
STATEMENT -> EXPRESSION ;
STATEMENT_S -> STATEMENT_S STATEMENT
EXPRESSION2 -> identifier
EXPRESSION3 -> EXPRESSION2
EXPRESSION4 -> EXPRESSION3
EXPRESSION5 -> EXPRESSION4
EXPRESSION6 -> EXPRESSION5
EXPRESSION7 -> EXPRESSION6
EXPRESSION1 -> identifier ( )
EXPRESSION2 -> EXPRESSION1
EXPRESSION3 -> EXPRESSION2
EXPRESSION4 -> EXPRESSION3
EXPRESSION5 -> EXPRESSION4
EXPRESSION6 -> EXPRESSION5
EXPRESSION7 -> EXPRESSION6
EXPRESSION8 -> EXPRESSION7
EXPRESSION8 -> EXPRESSION7 = EXPRESSION8
EXPRESSION -> EXPRESSION8
STATEMENT -> EXPRESSION ;
STATEMENT_S -> STATEMENT_S STATEMENT
EXPRESSION2 -> identifier
EXPRESSION3 -> EXPRESSION2
EXPRESSION4 -> EXPRESSION3
EXPRESSION5 -> EXPRESSION4
EXPRESSION6 -> EXPRESSION5
EXPRESSION7 -> EXPRESSION6
EXPRESSION8 -> EXPRESSION7
EXPRESSION -> EXPRESSION8
EXPRESSION_S -> EXPRESSION
EXPRESSION2 -> identifier
EXPRESSION3 -> EXPRESSION2
EXPRESSION4 -> EXPRESSION3
EXPRESSION5 -> EXPRESSION4
EXPRESSION6 -> EXPRESSION5
EXPRESSION7 -> EXPRESSION6
EXPRESSION8 -> EXPRESSION7
EXPRESSION -> EXPRESSION8
EXPRESSION_S -> EXPRESSION_S , EXPRESSION
EXPRESSION1 -> identifier ( EXPRESSION_S )
EXPRESSION2 -> EXPRESSION1
EXPRESSION3 -> EXPRESSION2
EXPRESSION4 -> EXPRESSION3
EXPRESSION5 -> EXPRESSION4
EXPRESSION6 -> EXPRESSION5
EXPRESSION7 -> EXPRESSION6
EXPRESSION8 -> EXPRESSION7
EXPRESSION -> EXPRESSION8
EXPRESSION_S -> EXPRESSION
EXPRESSION1 -> identifier ( EXPRESSION_S )
EXPRESSION2 -> EXPRESSION1
EXPRESSION3 -> EXPRESSION2
EXPRESSION4 -> EXPRESSION3
EXPRESSION5 -> EXPRESSION4
EXPRESSION6 -> EXPRESSION5
EXPRESSION7 -> EXPRESSION6
EXPRESSION8 -> EXPRESSION7
EXPRESSION -> EXPRESSION8
STATEMENT -> EXPRESSION ;
STATEMENT_S -> STATEMENT_S STATEMENT
DECLARE_FUNC -> DECLARE_FUNC_SIGN STATEMENT_S }
DECLARE -> DECLARE_FUNC
DECLARE_S -> DECLARE_S DECLARE
PROGRAM -> DECLARE_S

Semantic Symbol Tables:

Global Symbol Table (Table 0):
  #   |   DataType   |     Name     |  Offset  |    Attr
------+--------------+--------------+----------+------------
    0 | INT          | 1            | 0        | 
    1 | INT          | 0            | 4        | 
    2 | BLOCK        | input        | .L0      | Table 1, Params#: 0
    3 | BLOCK        | print        | .L1      | Table 2, Params#: 1
    4 | BLOCK        | gcd          | .L2      | Table 3, Params#: 2
    5 | BLOCK        | main         | .L6      | Table 6, Params#: 0

Table 1:
  #   |   DataType   |     Name     |  Offset  |    Attr
------+--------------+--------------+----------+------------
    0 | INT          | (anonymous)  | 0        | 
    1 | INT          | a            | 4        | 

Table 2:
  #   |   DataType   |     Name     |  Offset  |    Attr
------+--------------+--------------+----------+------------
    0 | INT          | (anonymous)  | 0        | 
    1 | INT          | a            | 4        | 

Table 3:
  #   |   DataType   |     Name     |  Offset  |    Attr
------+--------------+--------------+----------+------------
    0 | INT          | (anonymous)  | 0        | 
    1 | INT          | a            | 4        | 
    2 | INT          | b            | 8        | 
    3 | BLOCK        | (anonymous)  |          | Table 4
    4 | BLOCK        | (anonymous)  |          | Table 5

Table 4:
  #   |   DataType   |     Name     |  Offset  |    Attr
------+--------------+--------------+----------+------------

Table 5:
  #   |   DataType   |     Name     |  Offset  |    Attr
------+--------------+--------------+----------+------------

Table 6:
  #   |   DataType   |     Name     |  Offset  |    Attr
------+--------------+--------------+----------+------------
    0 | INT          | (anonymous)  | 0        | 
    1 | INT          | a            | 4        | 
    2 | INT          | b            | 8        | 


Instruction sequence:
.L0    ( MOV,   1:1  ,   0:0  ,        )
       ( MOV,   1:0  ,   1:1  ,        )
       ( RET,        ,        ,        )
       ( RET,        ,        ,        )
.L1    ( RET,        ,        ,        )
.L2    (  JE,   3:2  ,   0:1  , .L3    )
       ( JMP,        ,        , .L4    )
.L3    ( MOV,   3:0  ,   3:1  ,        )
       ( RET,        ,        ,        )
       ( JMP,        ,        , .L5    )
.L4    ( DIV,   3:1  ,   3:2  ,   5:0  )
       ( MUL,   5:0  ,   3:2  ,   5:0  )
       ( SUB,   3:1  ,   5:0  ,   5:0  )
       ( PAR,        ,        ,   3:2  )
       ( PAR,        ,        ,   5:0  )
       (CALL,   5:0  ,        , .L2    )
       ( MOV,   3:0  ,   5:0  ,        )
       ( RET,        ,        ,        )
.L5    ( RET,        ,        ,        )
.L6    (CALL,   6:3  ,        , .L0    )
       ( MOV,   6:1  ,   6:3  ,        )
       (CALL,   6:3  ,        , .L0    )
       ( MOV,   6:2  ,   6:3  ,        )
       ( PAR,        ,        ,   6:1  )
       ( PAR,        ,        ,   6:2  )
       (CALL,   6:3  ,        , .L2    )
       ( PAR,        ,        ,   6:3  )
       (CALL,   6:3  ,        , .L1    )
       ( RET,        ,        ,        )
